
> vite_react_shadcn_ts@0.0.0 build
> vite build

[36mvite v5.4.19 [32mbuilding for production...[36m[39m
transforming...
node.exe : Browserslist: browsers data (caniuse-lite) is 
9 months old. Please run:
At line:1 char:1
+ & "C:\Program Files\nodejs/node.exe" "C:\Program 
Files\nodejs/node_mo ...
+ ~~~~~~~~~~~~~~~~~~~~~~~~~~~~~~~~~~~~~~~~~~~~~~~~~~~~~~~~
~~~~~~~~~~~~~
    + CategoryInfo          : NotSpecified: (Browserslist 
   : b...ld. Please run::String) [], RemoteException
    + FullyQualifiedErrorId : NativeCommandError
 
  npx update-browserslist-db@latest
  Why you should do it regularly: 
https://github.com/browserslist/update-db#readme
[32mΓ£ô[39m 1689 modules transformed.
[31mx[39m Build failed in 2.24s
[31merror during build:
[31msrc/components/analysis/NewsInputForm.tsx (17:9): 
"countWords" is not exported by "src/lib/aiAnalysis.ts", 
imported by 
"src/components/analysis/NewsInputForm.tsx".[31m
file: [36mD:/New folder/VerityAI/frontend/src/components/
analysis/NewsInputForm.tsx:17:9[31m
[33m
15:   Globe
16: } from "lucide-react";
17: import { countWords, detectLanguage, isGibberish } 
from "@/lib/aiAnalysis";
             ^
18: import { useToast } from "@/hooks/use-toast";
[31m
    at getRollupError (file:///D:/New%20folder/VerityAI/fr
ontend/node_modules/rollup/dist/es/shared/parseAst.js:395:
41)
    at error (file:///D:/New%20folder/VerityAI/frontend/no
de_modules/rollup/dist/es/shared/parseAst.js:391:42)
    at Module.error (file:///D:/New%20folder/VerityAI/fron
tend/node_modules/rollup/dist/es/shared/node-entry.js:1553
5:16)
    at Module.traceVariable (file:///D:/New%20folder/Verit
yAI/frontend/node_modules/rollup/dist/es/shared/node-entry
.js:15984:29)
    at ModuleScope.findVariable (file:///D:/New%20folder/V
erityAI/frontend/node_modules/rollup/dist/es/shared/node-e
ntry.js:13770:39)
    at ReturnValueScope.findVariable (file:///D:/New%20fol
der/VerityAI/frontend/node_modules/rollup/dist/es/shared/n
ode-entry.js:5252:38)
    at FunctionBodyScope.findVariable (file:///D:/New%20fo
lder/VerityAI/frontend/node_modules/rollup/dist/es/shared/
node-entry.js:5252:38)
    at Identifier.bind (file:///D:/New%20folder/VerityAI/f
rontend/node_modules/rollup/dist/es/shared/node-entry.js:5
035:40)
    at CallExpression.bind (file:///D:/New%20folder/Verity
AI/frontend/node_modules/rollup/dist/es/shared/node-entry.
js:2855:23)
    at CallExpression.bind (file:///D:/New%20folder/Verity
AI/frontend/node_modules/rollup/dist/es/shared/node-entry.
js:11235:15)[39m
